2025-05-12 02:48:00,434 ERROR scheduler Exception in Enqueue Events for Site localhost
Traceback (most recent call last):
  File "/home/lisian/trash2/frappe-bench/apps/frappe/frappe/utils/scheduler.py", line 117, in enqueue_events_for_site
    if is_scheduler_inactive():
  File "/home/lisian/trash2/frappe-bench/apps/frappe/frappe/utils/scheduler.py", line 161, in is_scheduler_inactive
    if is_scheduler_disabled(verbose=verbose):
  File "/home/lisian/trash2/frappe-bench/apps/frappe/frappe/utils/scheduler.py", line 174, in is_scheduler_disabled
    frappe.db.get_single_value("System Settings", "enable_scheduler")
  File "/home/lisian/trash2/frappe-bench/apps/frappe/frappe/database/database.py", line 884, in get_single_value
    ).run()
  File "/home/lisian/trash2/frappe-bench/apps/frappe/frappe/query_builder/utils.py", line 85, in execute_query
    result = frappe.db.sql(query, params, *args, **kwargs)  # nosemgrep
  File "/home/lisian/trash2/frappe-bench/apps/frappe/frappe/database/database.py", line 260, in sql
    self.execute_query(query, values)
  File "/home/lisian/trash2/frappe-bench/apps/frappe/frappe/database/database.py", line 355, in execute_query
    return self._cursor.execute(query, values)
  File "/home/lisian/trash2/frappe-bench/env/lib/python3.10/site-packages/pymysql/cursors.py", line 153, in execute
    result = self._query(query)
  File "/home/lisian/trash2/frappe-bench/env/lib/python3.10/site-packages/pymysql/cursors.py", line 322, in _query
    conn.query(q)
  File "/home/lisian/trash2/frappe-bench/env/lib/python3.10/site-packages/pymysql/connections.py", line 563, in query
    self._affected_rows = self._read_query_result(unbuffered=unbuffered)
  File "/home/lisian/trash2/frappe-bench/env/lib/python3.10/site-packages/pymysql/connections.py", line 825, in _read_query_result
    result.read()
  File "/home/lisian/trash2/frappe-bench/env/lib/python3.10/site-packages/pymysql/connections.py", line 1199, in read
    first_packet = self.connection._read_packet()
  File "/home/lisian/trash2/frappe-bench/env/lib/python3.10/site-packages/pymysql/connections.py", line 775, in _read_packet
    packet.raise_for_error()
  File "/home/lisian/trash2/frappe-bench/env/lib/python3.10/site-packages/pymysql/protocol.py", line 219, in raise_for_error
    err.raise_mysql_exception(self._data)
  File "/home/lisian/trash2/frappe-bench/env/lib/python3.10/site-packages/pymysql/err.py", line 150, in raise_mysql_exception
    raise errorclass(errno, errval)
pymysql.err.ProgrammingError: (1146, "Table '_fa69ba2882116bcc.tabSingles' doesn't exist")
2025-05-13 17:12:00,665 ERROR scheduler Skipped queueing frappe.desk.page.backups.backups.delete_downloadable_backups because it was found in queue for localhost
2025-05-13 17:12:00,671 ERROR scheduler Skipped queueing hrms.hr.doctype.shift_type.shift_type.update_last_sync_of_checkin because it was found in queue for localhost
2025-05-13 17:12:00,675 ERROR scheduler Skipped queueing frappe.website.doctype.web_page.web_page.check_publish_status because it was found in queue for localhost
2025-05-13 17:12:00,678 ERROR scheduler Skipped queueing frappe.twofactor.delete_all_barcodes_for_users because it was found in queue for localhost
2025-05-13 17:12:00,684 ERROR scheduler Skipped queueing hrms.hr.doctype.shift_schedule_assignment.shift_schedule_assignment.process_auto_shift_creation because it was found in queue for localhost
2025-05-13 17:12:00,686 ERROR scheduler Skipped queueing frappe.oauth.delete_oauth2_data because it was found in queue for localhost
2025-05-13 17:12:00,690 ERROR scheduler Skipped queueing frappe.website.doctype.personal_data_deletion_request.personal_data_deletion_request.process_data_deletion_request because it was found in queue for localhost
2025-05-13 17:12:00,692 ERROR scheduler Skipped queueing erpnext.projects.doctype.project.project.project_status_update_reminder because it was found in queue for localhost
2025-05-13 17:12:00,695 ERROR scheduler Skipped queueing erpnext.utilities.bulk_transaction.retry because it was found in queue for localhost
2025-05-13 17:12:00,697 ERROR scheduler Skipped queueing erpnext.projects.doctype.project.project.hourly_reminder because it was found in queue for localhost
2025-05-13 17:12:00,701 ERROR scheduler Skipped queueing frappe.utils.global_search.sync_global_search because it was found in queue for localhost
2025-05-13 17:12:00,703 ERROR scheduler Skipped queueing frappe.deferred_insert.save_to_db because it was found in queue for localhost
2025-05-13 17:12:00,705 ERROR scheduler Skipped queueing frappe.model.utils.user_settings.sync_user_settings because it was found in queue for localhost
2025-05-13 17:12:00,707 ERROR scheduler Skipped queueing erpnext.manufacturing.doctype.bom_update_log.bom_update_log.resume_bom_cost_update_jobs because it was found in queue for localhost
2025-05-13 17:12:00,711 ERROR scheduler Skipped queueing frappe.email.doctype.newsletter.newsletter.send_scheduled_email because it was found in queue for localhost
2025-05-13 17:12:00,713 ERROR scheduler Skipped queueing frappe.desk.form.document_follow.send_hourly_updates because it was found in queue for localhost
2025-05-13 17:12:00,717 ERROR scheduler Skipped queueing frappe.email.doctype.notification.notification.trigger_offset_alerts because it was found in queue for localhost
2025-05-13 17:12:00,720 ERROR scheduler Skipped queueing frappe.monitor.flush because it was found in queue for localhost
2025-05-13 17:12:00,725 ERROR scheduler Skipped queueing frappe.automation.doctype.reminder.reminder.send_reminders because it was found in queue for localhost
2025-05-13 17:12:00,727 ERROR scheduler Skipped queueing frappe.email.doctype.email_account.email_account.pull because it was found in queue for localhost
2025-05-13 17:12:00,730 ERROR scheduler Skipped queueing frappe.email.queue.flush because it was found in queue for localhost
2025-05-13 17:12:00,733 ERROR scheduler Skipped queueing erpnext.utilities.doctype.video.video.update_youtube_data because it was found in queue for localhost
2025-05-13 17:12:00,737 ERROR scheduler Skipped queueing erpnext.projects.doctype.project.project.collect_project_status because it was found in queue for localhost
2025-05-13 17:12:00,740 ERROR scheduler Skipped queueing frappe.model.utils.link_count.update_link_count because it was found in queue for localhost
2025-05-13 17:12:00,744 ERROR scheduler Skipped queueing erpnext.erpnext_integrations.doctype.plaid_settings.plaid_settings.automatic_synchronization because it was found in queue for localhost
2025-05-13 17:12:00,747 ERROR scheduler Skipped queueing frappe.core.doctype.prepared_report.prepared_report.expire_stalled_report because it was found in queue for localhost
2025-05-13 17:12:00,751 ERROR scheduler Skipped queueing hrms.hr.doctype.interview.interview.send_interview_reminder because it was found in queue for localhost
2025-05-13 17:12:00,754 ERROR scheduler Skipped queueing hrms.hr.doctype.shift_type.shift_type.process_auto_attendance_for_all_shifts because it was found in queue for localhost
2025-05-13 17:12:00,758 ERROR scheduler Skipped queueing erpnext.stock.doctype.repost_item_valuation.repost_item_valuation.repost_entries because it was found in queue for localhost
2025-05-13 17:12:00,761 ERROR scheduler Skipped queueing frappe.integrations.doctype.google_calendar.google_calendar.sync because it was found in queue for localhost
2025-05-13 17:12:00,762 ERROR scheduler Skipped queueing frappe.email.doctype.email_account.email_account.notify_unreplied because it was found in queue for localhost
2025-05-13 17:12:00,765 ERROR scheduler Skipped queueing hrms.hr.doctype.daily_work_summary_group.daily_work_summary_group.trigger_emails because it was found in queue for localhost
2025-05-13 17:32:00,997 ERROR scheduler Skipped queueing frappe.email.doctype.email_account.email_account.pull because it was found in queue for localhost
2025-05-13 17:32:01,019 ERROR scheduler Skipped queueing erpnext.utilities.doctype.video.video.update_youtube_data because it was found in queue for localhost
2025-05-13 17:32:01,022 ERROR scheduler Skipped queueing frappe.deferred_insert.save_to_db because it was found in queue for localhost
2025-05-13 17:32:01,038 ERROR scheduler Skipped queueing frappe.email.doctype.email_account.email_account.notify_unreplied because it was found in queue for localhost
2025-05-13 17:32:01,042 ERROR scheduler Skipped queueing frappe.utils.global_search.sync_global_search because it was found in queue for localhost
2025-05-13 17:32:01,049 ERROR scheduler Skipped queueing frappe.email.doctype.notification.notification.trigger_offset_alerts because it was found in queue for localhost
2025-05-13 17:32:01,051 ERROR scheduler Skipped queueing erpnext.manufacturing.doctype.bom_update_log.bom_update_log.resume_bom_cost_update_jobs because it was found in queue for localhost
