2025-05-12 01:56:02,251 Could not connect to Redis instance: Connection closed by server. Retrying in 2 seconds...
2025-05-12 02:18:11,574 [Job localhost||31308c6d-5892-4139-bacb-bbac8206ff4a]: exception raised while executing (frappe.utils.background_jobs.execute_job)
Traceback (most recent call last):
  File "/home/lisian/trash2/frappe-bench/env/lib/python3.10/site-packages/rq/worker.py", line 1643, in perform_job
    return_value = job.perform()
  File "/home/lisian/trash2/frappe-bench/env/lib/python3.10/site-packages/rq/job.py", line 1344, in perform
    self._result = self._execute()
  File "/home/lisian/trash2/frappe-bench/env/lib/python3.10/site-packages/rq/job.py", line 1378, in _execute
    result = self.func(*self.args, **self.kwargs)
  File "/home/lisian/trash2/frappe-bench/apps/frappe/frappe/utils/background_jobs.py", line 270, in execute_job
    retval = method(**kwargs)
  File "/home/lisian/trash2/frappe-bench/apps/erpnext/erpnext/setup/demo.py", line 26, in setup_demo_data
    make_transactions(company)
  File "/home/lisian/trash2/frappe-bench/apps/erpnext/erpnext/setup/demo.py", line 114, in make_transactions
    create_transaction(item, company, start_date)
  File "/home/lisian/trash2/frappe-bench/apps/erpnext/erpnext/setup/demo.py", line 141, in create_transaction
    doc.save(ignore_permissions=True)
  File "/home/lisian/trash2/frappe-bench/apps/frappe/frappe/model/document.py", line 483, in save
    return self._save(*args, **kwargs)
  File "/home/lisian/trash2/frappe-bench/apps/frappe/frappe/model/document.py", line 505, in _save
    return self.insert()
  File "/home/lisian/trash2/frappe-bench/apps/frappe/frappe/model/document.py", line 413, in insert
    self.run_before_save_methods()
  File "/home/lisian/trash2/frappe-bench/apps/frappe/frappe/model/document.py", line 1276, in run_before_save_methods
    self.run_method("validate")
  File "/home/lisian/trash2/frappe-bench/apps/frappe/frappe/model/document.py", line 1127, in run_method
    out = Document.hook(fn)(self, *args, **kwargs)
  File "/home/lisian/trash2/frappe-bench/apps/frappe/frappe/model/document.py", line 1511, in composer
    return composed(self, method, *args, **kwargs)
  File "/home/lisian/trash2/frappe-bench/apps/frappe/frappe/model/document.py", line 1489, in runner
    add_to_return_value(self, fn(self, *args, **kwargs))
  File "/home/lisian/trash2/frappe-bench/apps/frappe/frappe/model/document.py", line 1124, in fn
    return method_object(*args, **kwargs)
  File "/home/lisian/trash2/frappe-bench/apps/erpnext/erpnext/buying/doctype/purchase_order/purchase_order.py", line 200, in validate
    super().validate()
  File "/home/lisian/trash2/frappe-bench/apps/erpnext/erpnext/controllers/buying_controller.py", line 33, in validate
    super().validate()
  File "/home/lisian/trash2/frappe-bench/apps/erpnext/erpnext/controllers/subcontracting_controller.py", line 56, in validate
    super().validate()
  File "/home/lisian/trash2/frappe-bench/apps/erpnext/erpnext/controllers/stock_controller.py", line 52, in validate
    super().validate()
  File "/home/lisian/trash2/frappe-bench/apps/erpnext/erpnext/controllers/accounts_controller.py", line 222, in validate
    self.set_missing_values(for_validate=True)
  File "/home/lisian/trash2/frappe-bench/apps/erpnext/erpnext/buying/doctype/purchase_order/purchase_order.py", line 700, in set_missing_values
    super().set_missing_values(for_validate)
  File "/home/lisian/trash2/frappe-bench/apps/erpnext/erpnext/controllers/buying_controller.py", line 159, in set_missing_values
    get_party_details(
  File "/home/lisian/trash2/frappe-bench/apps/frappe/frappe/utils/typing_validations.py", line 32, in wrapper
    return func(*args, **kwargs)
  File "/home/lisian/trash2/frappe-bench/apps/erpnext/erpnext/accounts/party.py", line 81, in get_party_details
    return _get_party_details(
  File "/home/lisian/trash2/frappe-bench/apps/erpnext/erpnext/accounts/party.py", line 143, in _get_party_details
    set_contact_details(party_details, party, party_type)
  File "/home/lisian/trash2/frappe-bench/apps/erpnext/erpnext/accounts/party.py", line 349, in set_contact_details
    party_details.contact_person = get_default_contact(party_type, party.name)
  File "/home/lisian/trash2/frappe-bench/apps/erpnext/erpnext/accounts/party.py", line 1024, in get_default_contact
    contacts = frappe.get_all(
  File "/home/lisian/trash2/frappe-bench/apps/frappe/frappe/__init__.py", line 1762, in get_all
    return get_list(doctype, *args, **kwargs)
  File "/home/lisian/trash2/frappe-bench/apps/frappe/frappe/__init__.py", line 1737, in get_list
    return frappe.model.db_query.DatabaseQuery(doctype).execute(*args, **kwargs)
  File "/home/lisian/trash2/frappe-bench/apps/frappe/frappe/model/db_query.py", line 209, in execute
    result = self.build_and_run()
  File "/home/lisian/trash2/frappe-bench/apps/frappe/frappe/model/db_query.py", line 250, in build_and_run
    return frappe.db.sql(
  File "/home/lisian/trash2/frappe-bench/apps/frappe/frappe/database/database.py", line 260, in sql
    self.execute_query(query, values)
  File "/home/lisian/trash2/frappe-bench/apps/frappe/frappe/database/database.py", line 355, in execute_query
    return self._cursor.execute(query, values)
  File "/home/lisian/trash2/frappe-bench/env/lib/python3.10/site-packages/pymysql/cursors.py", line 153, in execute
    result = self._query(query)
  File "/home/lisian/trash2/frappe-bench/env/lib/python3.10/site-packages/pymysql/cursors.py", line 322, in _query
    conn.query(q)
  File "/home/lisian/trash2/frappe-bench/env/lib/python3.10/site-packages/pymysql/connections.py", line 563, in query
    self._affected_rows = self._read_query_result(unbuffered=unbuffered)
  File "/home/lisian/trash2/frappe-bench/env/lib/python3.10/site-packages/pymysql/connections.py", line 825, in _read_query_result
    result.read()
  File "/home/lisian/trash2/frappe-bench/env/lib/python3.10/site-packages/pymysql/connections.py", line 1199, in read
    first_packet = self.connection._read_packet()
  File "/home/lisian/trash2/frappe-bench/env/lib/python3.10/site-packages/pymysql/connections.py", line 775, in _read_packet
    packet.raise_for_error()
  File "/home/lisian/trash2/frappe-bench/env/lib/python3.10/site-packages/pymysql/protocol.py", line 219, in raise_for_error
    err.raise_mysql_exception(self._data)
  File "/home/lisian/trash2/frappe-bench/env/lib/python3.10/site-packages/pymysql/err.py", line 150, in raise_mysql_exception
    raise errorclass(errno, errval)
pymysql.err.OperationalError: (1054, "Unknown column 'tabContact.is_billing_contact' in 'WHERE'")

/home/lisian/trash2/frappe-bench/env/lib/python3.10/site-packages/pypdf/_crypt_providers/_cryptography.py:32: CryptographyDeprecationWarning: ARC4 has been moved to cryptography.hazmat.decrepit.ciphers.algorithms.ARC4 and will be removed from cryptography.hazmat.primitives.ciphers.algorithms in 48.0.0.
  from cryptography.hazmat.primitives.ciphers.algorithms import AES, ARC4
/home/lisian/trash2/frappe-bench/env/lib/python3.10/site-packages/pypdf/_crypt_providers/_cryptography.py:32: CryptographyDeprecationWarning: ARC4 has been moved to cryptography.hazmat.decrepit.ciphers.algorithms.ARC4 and will be removed from cryptography.hazmat.primitives.ciphers.algorithms in 48.0.0.
  from cryptography.hazmat.primitives.ciphers.algorithms import AES, ARC4
/home/lisian/trash2/frappe-bench/env/lib/python3.10/site-packages/pypdf/_crypt_providers/_cryptography.py:32: CryptographyDeprecationWarning: ARC4 has been moved to cryptography.hazmat.decrepit.ciphers.algorithms.ARC4 and will be removed from cryptography.hazmat.primitives.ciphers.algorithms in 48.0.0.
  from cryptography.hazmat.primitives.ciphers.algorithms import AES, ARC4
/home/lisian/trash2/frappe-bench/env/lib/python3.10/site-packages/pypdf/_crypt_providers/_cryptography.py:32: CryptographyDeprecationWarning: ARC4 has been moved to cryptography.hazmat.decrepit.ciphers.algorithms.ARC4 and will be removed from cryptography.hazmat.primitives.ciphers.algorithms in 48.0.0.
  from cryptography.hazmat.primitives.ciphers.algorithms import AES, ARC4
/home/lisian/trash2/frappe-bench/env/lib/python3.10/site-packages/pypdf/_crypt_providers/_cryptography.py:32: CryptographyDeprecationWarning: ARC4 has been moved to cryptography.hazmat.decrepit.ciphers.algorithms.ARC4 and will be removed from cryptography.hazmat.primitives.ciphers.algorithms in 48.0.0.
  from cryptography.hazmat.primitives.ciphers.algorithms import AES, ARC4
/home/lisian/trash2/frappe-bench/env/lib/python3.10/site-packages/pypdf/_crypt_providers/_cryptography.py:32: CryptographyDeprecationWarning: ARC4 has been moved to cryptography.hazmat.decrepit.ciphers.algorithms.ARC4 and will be removed from cryptography.hazmat.primitives.ciphers.algorithms in 48.0.0.
  from cryptography.hazmat.primitives.ciphers.algorithms import AES, ARC4
/home/lisian/trash2/frappe-bench/env/lib/python3.10/site-packages/pypdf/_crypt_providers/_cryptography.py:32: CryptographyDeprecationWarning: ARC4 has been moved to cryptography.hazmat.decrepit.ciphers.algorithms.ARC4 and will be removed from cryptography.hazmat.primitives.ciphers.algorithms in 48.0.0.
  from cryptography.hazmat.primitives.ciphers.algorithms import AES, ARC4
